C:\Users\Dmitryma\Spring\2019-11\spring-01\spring-01-exercise\src\main\java\ru\otus\spring\domain\Question.java
C:\Users\Dmitryma\Spring\2019-11\spring-01\spring-01-exercise\src\main\java\ru\otus\spring\dao\QuestionDao.java
C:\Users\Dmitryma\Spring\2019-11\spring-01\spring-01-exercise\src\main\java\ru\otus\spring\dao\QuestionDaoCsv.java
C:\Users\Dmitryma\Spring\2019-11\spring-01\spring-01-exercise\src\main\java\ru\otus\spring\service\PersonServiceImpl.java
C:\Users\Dmitryma\Spring\2019-11\spring-01\spring-01-exercise\src\main\java\ru\otus\spring\dao\PersonDaoSimple.java
C:\Users\Dmitryma\Spring\2019-11\spring-01\spring-01-exercise\src\main\java\ru\otus\spring\domain\Answer.java
C:\Users\Dmitryma\Spring\2019-11\spring-01\spring-01-exercise\src\main\java\ru\otus\spring\service\PersonService.java
C:\Users\Dmitryma\Spring\2019-11\spring-01\spring-01-exercise\src\main\java\ru\otus\spring\service\QuestionServiceImpl.java
C:\Users\Dmitryma\Spring\2019-11\spring-01\spring-01-exercise\src\main\java\ru\otus\spring\domain\Person.java
C:\Users\Dmitryma\Spring\2019-11\spring-01\spring-01-exercise\src\main\java\ru\otus\spring\Main.java
C:\Users\Dmitryma\Spring\2019-11\spring-01\spring-01-exercise\src\main\java\ru\otus\spring\dao\PersonDao.java
C:\Users\Dmitryma\Spring\2019-11\spring-01\spring-01-exercise\src\main\java\ru\otus\spring\service\QuestionService.java
